[    0.000000] Linux version 4.15.0-213-generic (buildd@lcy02-amd64-079) (gcc version 7.5.0 (Ubuntu 7.5.0-3ubuntu1~18.04)) #224-Ubuntu SMP Mon Jun 19 13:30:12 UTC 2023 (Ubuntu 4.15.0-213.224-generic 4.15.18)
[    0.000000] Command line: BOOT_IMAGE=/boot/vmlinuz-4.15.0-213-generic root=UUID=f685bb41-0e3b-40c4-89c1-eea0f0583525 ro console=tty1 console=ttyS0
[    0.000000] KERNEL supported cpus:
[    0.000000]   Intel GenuineIntel
[    0.000000]   AMD AuthenticAMD
[    0.000000]   Centaur CentaurHauls
[    0.000000] x86/fpu: Supporting XSAVE feature 0x001: 'x87 floating point registers'
[    0.000000] x86/fpu: Supporting XSAVE feature 0x002: 'SSE registers'
[    0.000000] x86/fpu: Supporting XSAVE feature 0x004: 'AVX registers'
[    0.000000] x86/fpu: xstate_offset[2]:  576, xstate_sizes[2]:  256
[    0.000000] x86/fpu: Enabled xstate features 0x7, context size is 832 bytes, using 'standard' format.
[    0.000000] e820: BIOS-provided physical RAM map:
[    0.000000] BIOS-e820: [mem 0x0000000000000000-0x000000000009fbff] usable
[    0.000000] BIOS-e820: [mem 0x000000000009fc00-0x000000000009ffff] reserved
[    0.000000] BIOS-e820: [mem 0x00000000000f0000-0x00000000000fffff] reserved
[    0.000000] BIOS-e820: [mem 0x0000000000100000-0x00000000dffeffff] usable
[    0.000000] BIOS-e820: [mem 0x00000000dfff0000-0x00000000dfffffff] ACPI data
[    0.000000] BIOS-e820: [mem 0x00000000fec00000-0x00000000fec00fff] reserved
[    0.000000] BIOS-e820: [mem 0x00000000fee00000-0x00000000fee00fff] reserved
[    0.000000] BIOS-e820: [mem 0x00000000fffc0000-0x00000000ffffffff] reserved
[    0.000000] BIOS-e820: [mem 0x0000000100000000-0x000000019fffffff] usable
[    0.000000] NX (Execute Disable) protection: active
[    0.000000] SMBIOS 2.5 present.
[    0.000000] DMI: innotek GmbH VirtualBox/VirtualBox, BIOS VirtualBox 12/01/2006
[    0.000000] Hypervisor detected: KVM
[    0.000000] e820: last_pfn = 0x1a0000 max_arch_pfn = 0x400000000
[    0.000000] x86/PAT: Configuration [0-7]: WB  WC  UC- UC  WB  WP  UC- WT  
[    0.000000] total RAM covered: 6144M
[    0.000000] Found optimal setting for mtrr clean up
[    0.000000]  gran_size: 64K 	chunk_size: 64K 	num_reg: 5  	lose cover RAM: 0G
[    0.000000] e820: last_pfn = 0xdfff0 max_arch_pfn = 0x400000000
[    0.000000] found SMP MP-table at [mem 0x0009fbf0-0x0009fbff]
[    0.000000] Scanning 1 areas for low memory corruption
[    0.000000] RAMDISK: [mem 0x35819000-0x36c03fff]
[    0.000000] ACPI: Early table checksum verification disabled
[    0.000000] ACPI: RSDP 0x00000000000E0000 000024 (v02 VBOX  )
[    0.000000] ACPI: XSDT 0x00000000DFFF0030 00003C (v01 VBOX   VBOXXSDT 00000001 ASL  00000061)
[    0.000000] ACPI: FACP 0x00000000DFFF00F0 0000F4 (v04 VBOX   VBOXFACP 00000001 ASL  00000061)
[    0.000000] ACPI: DSDT 0x00000000DFFF02F0 002353 (v02 VBOX   VBOXBIOS 00000002 VBOX 0002A122)
[    0.000000] ACPI: FACS 0x00000000DFFF0200 000040
[    0.000000] ACPI: FACS 0x00000000DFFF0200 000040
[    0.000000] ACPI: APIC 0x00000000DFFF0240 00005C (v02 VBOX   VBOXAPIC 00000001 ASL  00000061)
[    0.000000] ACPI: SSDT 0x00000000DFFF02A0 000045 (v01 VBOX   VBOXCPUT 00000002 VBOX 0002A122)
[    0.000000] ACPI: Reserving FACP table memory at [mem 0xdfff00f0-0xdfff01e3]
[    0.000000] ACPI: Reserving DSDT table memory at [mem 0xdfff02f0-0xdfff2642]
[    0.000000] ACPI: Reserving FACS table memory at [mem 0xdfff0200-0xdfff023f]
[    0.000000] ACPI: Reserving FACS table memory at [mem 0xdfff0200-0xdfff023f]
[    0.000000] ACPI: Reserving APIC table memory at [mem 0xdfff0240-0xdfff029b]
[    0.000000] ACPI: Reserving SSDT table memory at [mem 0xdfff02a0-0xdfff02e4]
[    0.000000] No NUMA configuration found
[    0.000000] Faking a node at [mem 0x0000000000000000-0x000000019fffffff]
[    0.000000] NODE_DATA(0) allocated [mem 0x19ffd1000-0x19fffbfff]
[    0.000000] kvm-clock: cpu 0, msr 1:9ff50001, primary cpu clock
[    0.000000] kvm-clock: Using msrs 4b564d01 and 4b564d00
[    0.000000] kvm-clock: using sched offset of 6114244853 cycles
[    0.000000] clocksource: kvm-clock: mask: 0xffffffffffffffff max_cycles: 0x1cd42e4dffb, max_idle_ns: 881590591483 ns
[    0.000000] Zone ranges:
[    0.000000]   DMA      [mem 0x0000000000001000-0x0000000000ffffff]
[    0.000000]   DMA32    [mem 0x0000000001000000-0x00000000ffffffff]
[    0.000000]   Normal   [mem 0x0000000100000000-0x000000019fffffff]
[    0.000000]   Device   empty
[    0.000000] Movable zone start for each node
[    0.000000] Early memory node ranges
[    0.000000]   node   0: [mem 0x0000000000001000-0x000000000009efff]
[    0.000000]   node   0: [mem 0x0000000000100000-0x00000000dffeffff]
[    0.000000]   node   0: [mem 0x0000000100000000-0x000000019fffffff]
[    0.000000] Reserved but unavailable: 104 pages
[    0.000000] Initmem setup node 0 [mem 0x0000000000001000-0x000000019fffffff]
[    0.000000] ACPI: PM-Timer IO Port: 0x4008
[    0.000000] IOAPIC[0]: apic_id 2, version 32, address 0xfec00000, GSI 0-23
[    0.000000] ACPI: INT_SRC_OVR (bus 0 bus_irq 0 global_irq 2 dfl dfl)
[    0.000000] ACPI: INT_SRC_OVR (bus 0 bus_irq 9 global_irq 9 low level)
[    0.000000] Using ACPI (MADT) for SMP configuration information
[    0.000000] smpboot: Allowing 2 CPUs, 0 hotplug CPUs
[    0.000000] PM: Registered nosave memory: [mem 0x00000000-0x00000fff]
[    0.000000] PM: Registered nosave memory: [mem 0x0009f000-0x0009ffff]
[    0.000000] PM: Registered nosave memory: [mem 0x000a0000-0x000effff]
[    0.000000] PM: Registered nosave memory: [mem 0x000f0000-0x000fffff]
[    0.000000] PM: Registered nosave memory: [mem 0xdfff0000-0xdfffffff]
[    0.000000] PM: Registered nosave memory: [mem 0xe0000000-0xfebfffff]
[    0.000000] PM: Registered nosave memory: [mem 0xfec00000-0xfec00fff]
[    0.000000] PM: Registered nosave memory: [mem 0xfec01000-0xfedfffff]
[    0.000000] PM: Registered nosave memory: [mem 0xfee00000-0xfee00fff]
[    0.000000] PM: Registered nosave memory: [mem 0xfee01000-0xfffbffff]
[    0.000000] PM: Registered nosave memory: [mem 0xfffc0000-0xffffffff]
[    0.000000] e820: [mem 0xe0000000-0xfebfffff] available for PCI devices
[    0.000000] Booting paravirtualized kernel on KVM
[    0.000000] clocksource: refined-jiffies: mask: 0xffffffff max_cycles: 0xffffffff, max_idle_ns: 7645519600211568 ns
[    0.000000] setup_percpu: NR_CPUS:8192 nr_cpumask_bits:2 nr_cpu_ids:2 nr_node_ids:1
[    0.000000] percpu: Embedded 50 pages/cpu s167936 r8192 d28672 u1048576
[    0.000000] PV qspinlock hash table entries: 256 (order: 0, 4096 bytes)
[    0.000000] Built 1 zonelists, mobility grouping on.  Total pages: 1548153
[    0.000000] Policy zone: Normal
[    0.000000] Kernel command line: BOOT_IMAGE=/boot/vmlinuz-4.15.0-213-generic root=UUID=f685bb41-0e3b-40c4-89c1-eea0f0583525 ro console=tty1 console=ttyS0
[    0.000000] Memory: 6076768K/6291000K available (12300K kernel code, 2477K rwdata, 4324K rodata, 2480K init, 2720K bss, 214232K reserved, 0K cma-reserved)
[    0.000000] SLUB: HWalign=64, Order=0-3, MinObjects=0, CPUs=2, Nodes=1
[    0.000000] Kernel/User page tables isolation: enabled
[    0.000000] ftrace: allocating 39508 entries in 155 pages
[    0.004000] Hierarchical RCU implementation.
[    0.004000] 	RCU restricting CPUs from NR_CPUS=8192 to nr_cpu_ids=2.
[    0.004000] 	Tasks RCU enabled.
[    0.004000] RCU: Adjusting geometry for rcu_fanout_leaf=16, nr_cpu_ids=2
[    0.004000] NR_IRQS: 524544, nr_irqs: 440, preallocated irqs: 16
[    0.004000] random: crng init done
[    0.004000] Console: colour VGA+ 80x25
[    0.004000] console [tty1] enabled
[    0.004000] console [ttyS0] enabled
[    0.004000] ACPI: Core revision 20170831
[    0.004000] ACPI: 2 ACPI AML tables successfully acquired and loaded
[    0.004000] APIC: Switch to symmetric I/O mode setup
[    0.008000] x2apic enabled
[    0.008058] Switched APIC routing to physical x2apic.
[    0.016000] ..TIMER: vector=0x30 apic1=0 pin1=2 apic2=-1 pin2=-1
[    0.016002] tsc: Detected 2688.002 MHz processor
[    0.020040] Calibrating delay loop (skipped) preset value.. 5376.00 BogoMIPS (lpj=10752008)
[    0.024011] pid_max: default: 32768 minimum: 301
[    0.028064] Security Framework initialized
[    0.032003] Yama: becoming mindful.
[    0.036021] AppArmor: AppArmor initialized
[    0.046820] Dentry cache hash table entries: 1048576 (order: 11, 8388608 bytes)
[    0.052185] Inode-cache hash table entries: 524288 (order: 10, 4194304 bytes)
[    0.056021] Mount-cache hash table entries: 16384 (order: 5, 131072 bytes)
[    0.060019] Mountpoint-cache hash table entries: 16384 (order: 5, 131072 bytes)
[    0.069351] Last level iTLB entries: 4KB 0, 2MB 0, 4MB 0
[    0.072002] Last level dTLB entries: 4KB 0, 2MB 0, 4MB 0, 1GB 0
[    0.076062] Spectre V1 : Mitigation: usercopy/swapgs barriers and __user pointer sanitization
[    0.080002] Spectre V2 : Mitigation: Retpolines
[    0.084001] Spectre V2 : Spectre v2 / SpectreRSB mitigation: Filling RSB on context switch
[    0.088001] Spectre V2 : Spectre v2 / SpectreRSB : Filling RSB on VMEXIT
[    0.092002] Speculative Store Bypass: Vulnerable
[    0.096069] MDS: Mitigation: Clear CPU buffers
[    0.100283] Freeing SMP alternatives memory: 36K
[    0.217799] smpboot: CPU0: 11th Gen Intel(R) Core(TM) i5-11400H @ 2.70GHz (family: 0x6, model: 0x8d, stepping: 0x1)
[    0.220133] Performance Events: unsupported p6 CPU model 141 no PMU driver, software events only.
[    0.224251] Hierarchical SRCU implementation.
[    0.232808] NMI watchdog: Perf event create on CPU 0 failed with -2
[    0.236003] NMI watchdog: Perf NMI watchdog permanently disabled
[    0.240753] smp: Bringing up secondary CPUs ...
[    0.244576] x86: Booting SMP configuration:
[    0.248005] .... node  #0, CPUs:      #1
[    0.004000] kvm-clock: cpu 1, msr 1:9ff50041, secondary cpu clock
[    0.284094] smp: Brought up 1 node, 2 CPUs
[    0.288005] smpboot: Max logical packages: 1
[    0.292003] smpboot: Total of 2 processors activated (10752.00 BogoMIPS)
[    0.300587] devtmpfs: initialized
[    0.304070] x86/mm: Memory block size: 128MB
[    0.308478] evm: security.selinux
[    0.312002] evm: security.SMACK64
[    0.316001] evm: security.SMACK64EXEC
[    0.320001] evm: security.SMACK64TRANSMUTE
[    0.324004] evm: security.SMACK64MMAP
[    0.328003] evm: security.apparmor
[    0.332002] evm: security.ima
[    0.336002] evm: security.capability
[    0.344190] clocksource: jiffies: mask: 0xffffffff max_cycles: 0xffffffff, max_idle_ns: 7645041785100000 ns
[    0.348022] futex hash table entries: 512 (order: 3, 32768 bytes)
[    0.352154] pinctrl core: initialized pinctrl subsystem
[    0.357008] RTC time: 18:01:49, date: 04/23/26
[    0.361047] NET: Registered protocol family 16
[    0.364181] audit: initializing netlink subsys (disabled)
[    0.372189] audit: type=2000 audit(1776967314.187:1): state=initialized audit_enabled=0 res=1
[    0.400006] cpuidle: using governor ladder
[    0.404011] cpuidle: using governor menu
[    0.408100] ACPI: bus type PCI registered
[    0.412005] acpiphp: ACPI Hot Plug PCI Controller Driver version: 0.5
[    0.417485] PCI: Using configuration type 1 for base access
[    0.424266] HugeTLB registered 2.00 MiB page size, pre-allocated 0 pages
[    0.428172] ACPI: Added _OSI(Module Device)
[    0.432012] ACPI: Added _OSI(Processor Device)
[    0.436005] ACPI: Added _OSI(3.0 _SCP Extensions)
[    0.440002] ACPI: Added _OSI(Processor Aggregator Device)
[    0.444012] ACPI: Added _OSI(Linux-Dell-Video)
[    0.448044] ACPI: Added _OSI(Linux-Lenovo-NV-HDMI-Audio)
[    0.452003] ACPI: Added _OSI(Linux-HPI-Hybrid-Graphics)
[    0.462826] ACPI: Executed 1 blocks of module-level executable AML code
[    0.474671] ACPI: Interpreter enabled
[    0.476019] ACPI: (supports S0 S5)
[    0.480003] ACPI: Using IOAPIC for interrupt routing
[    0.488710] PCI: Using host bridge windows from ACPI; if necessary, use "pci=nocrs" and report a bug
[    0.493608] ACPI: Enabled 2 GPEs in block 00 to 07
[    0.536014] ACPI: PCI Root Bridge [PCI0] (domain 0000 [bus 00-ff])
[    0.540013] acpi PNP0A03:00: _OSC: OS supports [ASPM ClockPM Segments MSI]
[    0.545556] acpi PNP0A03:00: _OSC: not requesting OS control; OS requires [ExtendedConfig ASPM ClockPM MSI]
[    0.548023] acpi PNP0A03:00: fail to add MMCONFIG information, can't access extended PCI configuration space under this bridge.
[    0.560000] PCI host bridge to bus 0000:00
[    0.560005] pci_bus 0000:00: root bus resource [io  0x0000-0x0cf7 window]
[    0.564006] pci_bus 0000:00: root bus resource [io  0x0d00-0xffff window]
[    0.568007] pci_bus 0000:00: root bus resource [mem 0x000a0000-0x000bffff window]
[    0.572007] pci_bus 0000:00: root bus resource [mem 0xe0000000-0xfdffffff window]
[    0.576009] pci_bus 0000:00: root bus resource [bus 00-ff]
[    0.606758] pci 0000:00:01.1: legacy IDE quirk: reg 0x10: [io  0x01f0-0x01f7]
[    0.608002] pci 0000:00:01.1: legacy IDE quirk: reg 0x14: [io  0x03f6]
[    0.612006] pci 0000:00:01.1: legacy IDE quirk: reg 0x18: [io  0x0170-0x0177]
[    0.616004] pci 0000:00:01.1: legacy IDE quirk: reg 0x1c: [io  0x0376]
[    0.849926] pci 0000:00:07.0: quirk: [io  0x4000-0x403f] claimed by PIIX4 ACPI
[    0.856242] pci 0000:00:07.0: quirk: [io  0x4100-0x410f] claimed by PIIX4 SMB
[    1.040000] ACPI: PCI Interrupt Link [LNKA] (IRQs 5 9 10 *11)
[    1.060643] ACPI: PCI Interrupt Link [LNKB] (IRQs 5 9 *10 11)
[    1.088422] ACPI: PCI Interrupt Link [LNKC] (IRQs 5 *9 10 11)
[    1.116734] ACPI: PCI Interrupt Link [LNKD] (IRQs 5 9 10 *11)
[    1.144000] SCSI subsystem initialized
[    1.161050] pci 0000:00:02.0: vgaarb: setting as boot VGA device
[    1.164000] pci 0000:00:02.0: vgaarb: VGA device added: decodes=io+mem,owns=io+mem,locks=none
[    1.220010] pci 0000:00:02.0: vgaarb: bridge control possible
[    1.240005] vgaarb: loaded
[    1.256214] ACPI: bus type USB registered
[    1.272185] usbcore: registered new interface driver usbfs
[    1.292017] usbcore: registered new interface driver hub
[    1.316011] usbcore: registered new device driver usb
[    1.340336] EDAC MC: Ver: 3.0.0
[    1.364549] PCI: Using ACPI for IRQ routing
[    1.390453] NetLabel: Initializing
[    1.392000] NetLabel:  domain hash size = 128
[    1.392000] NetLabel:  protocols = UNLABELED CIPSOv4 CALIPSO
[    1.392000] NetLabel:  unlabeled traffic allowed by default
[    1.465697] clocksource: Switched to clocksource kvm-clock
[    1.515046] VFS: Disk quotas dquot_6.6.0
[    1.529544] VFS: Dquot-cache hash table entries: 512 (order 0, 4096 bytes)
[    1.554103] AppArmor: AppArmor Filesystem Enabled
[    1.571221] pnp: PnP ACPI init
[    1.593024] pnp: PnP ACPI: found 3 devices
[    1.620367] clocksource: acpi_pm: mask: 0xffffff max_cycles: 0xffffff, max_idle_ns: 2085701024 ns
[    1.650857] NET: Registered protocol family 2
[    1.667528] IP idents hash table entries: 131072 (order: 8, 1048576 bytes)
[    1.693423] TCP established hash table entries: 65536 (order: 7, 524288 bytes)
[    1.719936] TCP bind hash table entries: 65536 (order: 8, 1048576 bytes)
[    1.743757] TCP: Hash tables configured (established 65536 bind 65536)
[    1.766434] UDP hash table entries: 4096 (order: 5, 131072 bytes)
[    1.788314] UDP-Lite hash table entries: 4096 (order: 5, 131072 bytes)
[    1.811315] NET: Registered protocol family 1
[    1.827644] pci 0000:00:00.0: Limiting direct PCI/PCI transfers
[    1.850651] pci 0000:00:01.0: Activating ISA DMA hang workarounds
[    1.874229] pci 0000:00:02.0: Video device with shadowed ROM at [mem 0x000c0000-0x000dffff]
[    1.905981] Unpacking initramfs...
[    2.259161] Freeing initrd memory: 20396K
[    2.275857] PCI-DMA: Using software bounce buffering for IO (SWIOTLB)
[    2.298541] software IO TLB: mapped [mem 0xdbff0000-0xdfff0000] (64MB)
[    2.321139] clocksource: tsc: mask: 0xffffffffffffffff max_cycles: 0x26bef84d9ca, max_idle_ns: 440795214994 ns
[    2.356857] platform rtc_cmos: registered platform RTC device (no PNP device found)
[    2.384593] Scanning for low memory corruption every 60 seconds
[    2.409076] Initialise system trusted keyrings
[    2.426260] Key type blacklist registered
[    2.442331] workingset: timestamp_bits=36 max_order=21 bucket_order=0
[    2.468962] zbud: loaded
[    2.481263] squashfs: version 4.0 (2009/01/31) Phillip Lougher
[    2.503309] fuse init (API version 7.26)
[    2.537517] Key type asymmetric registered
[    2.554005] Asymmetric key parser 'x509' registered
[    2.572924] Block layer SCSI generic (bsg) driver version 0.4 loaded (major 246)
[    2.601118] io scheduler noop registered
[    2.616638] io scheduler deadline registered
[    2.635117] io scheduler cfq registered (default)
[    2.654854] ACPI: AC Adapter [AC] (on-line)
[    2.671492] input: Power Button as /devices/LNXSYSTM:00/LNXPWRBN:00/input/input0
[    2.699386] ACPI: Power Button [PWRF]
[    2.714261] input: Sleep Button as /devices/LNXSYSTM:00/LNXSLPBN:00/input/input1
[    2.745396] ACPI: Sleep Button [SLPF]
[    2.761192] Serial: 8250/16550 driver, 32 ports, IRQ sharing enabled
[    2.768672] ACPI: Battery Slot [BAT0] (battery present)
[    2.832555] 00:02: ttyS0 at I/O 0x3f8 (irq = 4, base_baud = 115200) is a 16550A
[    2.876032] Linux agpgart interface v0.103
[    2.894207] loop: module loaded
[    2.912025] scsi host0: ata_piix
[    2.929621] scsi host1: ata_piix
[    2.942703] ata1: PATA max UDMA/33 cmd 0x1f0 ctl 0x3f6 bmdma 0xd000 irq 14
[    2.970538] ata2: PATA max UDMA/33 cmd 0x170 ctl 0x376 bmdma 0xd008 irq 15
[    2.996872] tun: Universal TUN/TAP device driver, 1.6
[    3.020720] PPP generic driver version 2.4.2
[    3.037543] ehci_hcd: USB 2.0 'Enhanced' Host Controller (EHCI) Driver
[    3.062116] ehci-pci: EHCI PCI platform driver
[    3.079634] ehci-platform: EHCI generic platform driver
[    3.099840] ohci_hcd: USB 1.1 'Open' Host Controller (OHCI) Driver
[    3.122413] ohci-pci: OHCI PCI platform driver
[    3.139337] ohci-platform: OHCI generic platform driver
[    3.159090] uhci_hcd: USB Universal Host Controller Interface driver
[    3.216359] i8042: PNP: PS/2 Controller [PNP0303:PS2K,PNP0f03:PS2M] at 0x60,0x64 irq 1,12
[    3.306866] serio: i8042 KBD port at 0x60,0x64 irq 1
[    3.325944] serio: i8042 AUX port at 0x60,0x64 irq 12
[    3.344932] mousedev: PS/2 mouse device common for all mice
[    3.371243] input: AT Translated Set 2 keyboard as /devices/platform/i8042/serio0/input/input2
[    3.372066] rtc_cmos rtc_cmos: rtc core: registered rtc_cmos as rtc0
[    3.426585] rtc_cmos rtc_cmos: alarms up to one day, 114 bytes nvram
[    3.449277] i2c /dev entries driver
[    3.464641] device-mapper: uevent: version 1.0.3
[    3.483604] device-mapper: ioctl: 4.37.0-ioctl (2017-09-20) initialised: dm-devel@redhat.com
[    3.514514] ledtrig-cpu: registered to indicate activity on CPUs
[    3.539510] NET: Registered protocol family 10
[    3.568528] Segment Routing with IPv6
[    3.582278] NET: Registered protocol family 17
[    3.599129] Key type dns_resolver registered
[    3.615916] mce: Using 0 MCE banks
[    3.629078] RAS: Correctable Errors collector initialized.
[    3.649098] sched_clock: Marking stable (3648870983, 0)->(7895115507, -4246244524)
[    3.681857] registered taskstats version 1
[    3.697030] Loading compiled-in X.509 certificates
[    3.721206] Loaded X.509 cert 'Build time autogenerated kernel key: cdc7189136aaa35407544516090e2034d9c28e14'
[    3.756159] Loaded X.509 cert 'Canonical Ltd. Live Patch Signing: 14df34d1a87cf37625abec039ef2bf521249b969'
[    3.791197] Loaded X.509 cert 'Canonical Ltd. Kernel Module Signing: 88f752e560a1e0737e31163a466ad7b70a850c19'
[    3.825868] blacklist: Loading compiled-in revocation X.509 certificates
[    3.849547] Loaded X.509 cert 'Canonical Ltd. Secure Boot Signing: 61482aa2830d0ab2ad5af10b7250da9033ddcef0'
[    3.884079] Loaded X.509 cert 'Canonical Ltd. Secure Boot Signing (2017): 242ade75ac4a15e50d50c84b0d45ff3eae707a03'
[    3.920448] Loaded X.509 cert 'Canonical Ltd. Secure Boot Signing (ESM 2018): 365188c1d374d6b07c3c8f240f8ef722433d6a8b'
[    3.957614] Loaded X.509 cert 'Canonical Ltd. Secure Boot Signing (2019): c0746fd6c5da3ae827864651ad66ae47fe24b3e8'
[    3.993441] Loaded X.509 cert 'Canonical Ltd. Secure Boot Signing (2021 v1): a8d54bbb3825cfb94fa13c9f8a594a195c107b8d'
[    4.030990] Loaded X.509 cert 'Canonical Ltd. Secure Boot Signing (2021 v2): 4cf046892d6fd3c9a5b03f98d845f90851dc6a8c'
[    4.072606] Loaded X.509 cert 'Canonical Ltd. Secure Boot Signing (2021 v3): 100437bb6de6e469b581e61cd66bce3ef4ed53af'
[    4.113506] Loaded X.509 cert 'Canonical Ltd. Secure Boot Signing (Ubuntu Core 2019): c1d57b8f6b743f23ee41f4f7ee292f06eecadfb9'
[    4.153690] zswap: loaded using pool lzo/zbud
[    4.185528] Key type big_key registered
[    4.199826] Key type trusted registered
[    4.219175] Key type encrypted registered
[    4.234499] AppArmor: AppArmor sha1 policy hashing enabled
[    4.254502] ima: No TPM chip found, activating TPM-bypass! (rc=-19)
[    4.277737] ima: Allocated hash algorithm: sha1
[    4.295731] evm: HMAC attrs: 0x1
[    4.312596]   Magic number: 6:587:39
[    4.326696] bdi 7:4: hash matches
[    4.341172] rtc_cmos rtc_cmos: setting system clock to 2026-04-23 18:01:54 UTC (1776967314)
[    4.372144] BIOS EDD facility v0.16 2004-Jun-25, 0 devices found
[    4.420489] EDD information not available.
[    4.447184] Freeing unused kernel image memory: 2480K
[    4.550162] Write protecting the kernel read-only data: 20480k
[    4.575919] Freeing unused kernel image memory: 2008K
[    4.598742] Freeing unused kernel image memory: 1820K
[    4.623261] x86/mm: Checked W+X mappings: passed, no W+X pages found.
[    4.646112] x86/mm: Checking user space page tables
[    4.669398] x86/mm: Checked W+X mappings: passed, no W+X pages found.
Loading, please wait...
starting version 237
[    4.865390] Fusion MPT base driver 3.04.20
[    4.883322] Copyright (c) 1999-2008 LSI Corporation
[    4.921720] e1000: Intel(R) PRO/1000 Network Driver - version 7.3.21-k8-NAPI
[    4.947599] e1000: Copyright (c) 1999-2006 Intel Corporation.
[    5.018638] AVX2 version of gcm_enc/dec engaged.
[    5.037081] AES CTR mode by8 optimization enabled
[    5.065951] Fusion MPT SPI Host driver 3.04.20
[    5.269707] input: ImExPS/2 Generic Explorer Mouse as /devices/platform/i8042/serio1/input/input4
[    7.013901] e1000 0000:00:03.0 eth0: (PCI:33MHz:32-bit) 02:3b:7b:b7:3b:2d
[    7.038401] e1000 0000:00:03.0 eth0: Intel(R) PRO/1000 Network Connection
[    7.066905] mptbase: ioc0: Initiating bringup
[    7.907095] ioc0: LSI53C1030 A0: Capabilities={Initiator}
[    9.811307] scsi host2: ioc0: LSI53C1030 A0, FwRev=00000000h, Ports=1, MaxQ=256, IRQ=20
[   11.630754] scsi 2:0:0:0: Direct-Access     VBOX     HARDDISK         1.0  PQ: 0 ANSI: 5
[   11.870716] scsi target2:0:0: Beginning Domain Validation
[   11.904758] scsi target2:0:0: Domain Validation skipping write tests
[   11.929615] scsi target2:0:0: Ending Domain Validation
[   11.950522] scsi target2:0:0: asynchronous
[   11.970909] scsi 2:0:1:0: Direct-Access     VBOX     HARDDISK         1.0  PQ: 0 ANSI: 5
[   12.388123] scsi target2:0:1: Beginning Domain Validation
[   12.447958] scsi target2:0:1: Domain Validation skipping write tests
[   12.472351] scsi target2:0:1: Ending Domain Validation
[   12.492984] scsi target2:0:1: asynchronous
[   12.527754] sd 2:0:0:0: [sda] 83886080 512-byte logical blocks: (42.9 GB/40.0 GiB)
[   12.556653] sd 2:0:0:0: [sda] Write Protect is off
[   12.575588] sd 2:0:0:0: Attached scsi generic sg0 type 0
[   12.597186] sd 2:0:0:0: [sda] Write cache: enabled, read cache: enabled, supports DPO and FUA
[   12.631502] sd 2:0:1:0: [sdb] 20480 512-byte logical blocks: (10.5 MB/10.0 MiB)
[   12.663249] sd 2:0:1:0: Attached scsi generic sg1 type 0
[   12.685263] sd 2:0:1:0: [sdb] Write Protect is off
[   12.705662] sd 2:0:1:0: [sdb] Write cache: enabled, read cache: enabled, supports DPO and FUA
[   12.761950]  sda: sda1
[   12.785593] sd 2:0:1:0: [sdb] Attached SCSI disk
[   12.809038] sd 2:0:0:0: [sda] Attached SCSI disk
[   13.855586] e1000 0000:00:08.0 eth1: (PCI:33MHz:32-bit) 08:00:27:86:0c:9a
[   13.881409] e1000 0000:00:08.0 eth1: Intel(R) PRO/1000 Network Connection
[   13.913768] e1000 0000:00:08.0 enp0s8: renamed from eth1
[   13.952975] e1000 0000:00:03.0 enp0s3: renamed from eth0
Begin: Loading essential drivers ... [   20.660219] raid6: sse2x1   gen()  8876 MB/s
[   20.724145] raid6: sse2x1   xor()  5816 MB/s
[   20.784178] raid6: sse2x2   gen() 11576 MB/s
[   20.848145] raid6: sse2x2   xor()  6503 MB/s
[   20.916282] raid6: sse2x4   gen() 12418 MB/s
[   20.980233] raid6: sse2x4   xor()  6848 MB/s
[   21.044156] raid6: avx2x1   gen() 17672 MB/s
[   21.108184] raid6: avx2x1   xor() 11175 MB/s
[   21.172159] raid6: avx2x2   gen() 21147 MB/s
[   21.236135] raid6: avx2x2   xor() 11222 MB/s
[   21.300182] raid6: avx2x4   gen() 21988 MB/s
[   21.364198] raid6: avx2x4   xor() 12740 MB/s
[   21.380140] raid6: using algorithm avx2x4 gen() 21988 MB/s
[   21.401563] raid6: .... xor() 12740 MB/s, rmw enabled
[   21.424243] raid6: using avx2x2 recovery algorithm
[   21.452558] xor: automatically using best checksumming function   avx       
[   21.490353] async_tx: api initialized (async)
done.
Begin: Running /scripts/init-premount ... done.
Begin: Mounting root file system ... Begin: Running /scripts/local-top ... done.
Begin: Running /scripts/local-premount ... [   21.640842] Btrfs loaded, crc32c=crc32c-intel
Scanning for Btrfs filesystems
done.
Begin: Will now check root file system ... fsck from util-linux 2.31.1
[/sbin/fsck.ext4 (1) -- /dev/sda1] fsck.ext4 -a -C0 /dev/sda1 
cloudimg-rootfs: clean, 267562/5120000 files, 2597057/10485499 blocks
done.
[   21.805781] EXT4-fs (sda1): mounted filesystem with ordered data mode. Opts: (null)
done.
Begin: Running /scripts/local-bottom ... done.
Begin: Running /scripts/init-bottom ... done.
[   22.304313] ip_tables: (C) 2000-2006 Netfilter Core Team
[   22.349306] systemd[1]: systemd 237 running in system mode. (+PAM +AUDIT +SELINUX +IMA +APPARMOR +SMACK +SYSVINIT +UTMP +LIBCRYPTSETUP +GCRYPT +GNUTLS +ACL +XZ +LZ4 +SECCOMP +BLKID +ELFUTILS +KMOD -IDN2 +IDN -PCRE2 default-hierarchy=hybrid)
[   22.419502] systemd[1]: Detected virtualization oracle.
[   22.438553] systemd[1]: Detected architecture x86-64.

Welcome to [1mUbuntu 18.04.6 LTS[0m!

[   22.528634] systemd[1]: Set hostname to <ubuntu-bionic>.
[   23.051744] systemd[1]: Reached target Mounting snaps.
[[0;32m  OK  [0m] Reached target Mounting snaps.
[   23.081560] systemd[1]: Reached target Swap.
[[0;32m  OK  [0m] Reached target Swap.
[   23.106882] systemd[1]: Started Forward Password Requests to Wall Directory Watch.
[[0;32m  OK  [0m] Started Forward Password Requests to Wall Directory Watch.
[   23.175108] systemd[1]: Created slice System Slice.
[[0;32m  OK  [0m] Created slice System Slice.
[   23.204612] systemd[1]: Listening on Journal Socket.
[[0;32m  OK  [0m] Listening on Journal Socket.
[   23.235201] systemd[1]: Starting Uncomplicated firewall...
         Starting Uncomplicated firewall...
[[0;32m  OK  [0m] Listening on Syslog Socket.
         Starting Load Kernel Modules...
         Mounting Kernel Debug File System...
[[0;32m  OK  [0m] Listening on Network Service Netlink Socket.
[[0;32m  OK  [0m] Listening on Journal Socket (/dev/log).
[[0;32m  OK  [0m] Listening on Journal Audit Socket.
[[0;32m  OK  [0m] Reached target User and Group Name Lookups.
[[0;32m  OK  [0m] Listening on LVM2 metadata daemon socket.
[[0;32m  OK  [0m] Listening on /dev/initctl Compatibility Named Pipe.
[[0;32m  OK  [0m] Reached target Mounted snaps.
[[0;32m  OK  [0m] Listening on udev Kernel Socket.
[[0;32m  OK  [0m] Created slice system-serial\x2dgetty.slice.
         Mounting POSIX Message Queue File System...
         Mounting Huge Pages File System...
         Starting Set the console keyboard layout...
[[0;32m  OK  [0m] Listening on udev Control Socket.
         Starting udev Coldplug all Devices...
         Starting Create list of required st…ce nodes for the current kernel...
[[0;32m  OK  [0m] Listening on fsck to fsckd communication Socket.
[[0;32m  OK  [0m] Listening on LVM2 poll daemon socket.
[[0;32m  OK  [0m[   23.560287] Loading iSCSI transport class v2.0-870.
] Created slice User and Session Slice.
[[0;32m  OK  [0m] Reached target Slices.
[[0;32m  OK  [0m] Listening on Device-mapper event daemon FIFOs.
         Starting Monitoring of LVM2 mirrors…ng dmeventd or progress polling...
[[0;32m  OK  [0m] Reached target System Time Synchronized.
[[0;32m  OK  [0m] Set up automount Arbitrary Executab…rmats File System Automount Point.
         Starting Journal Service...
         Starting Remount Root and Kernel File Systems...
[[0;32m  OK  [0m] Started Uncomplicated firewall.
[   23.729093] iscsi: registered transport (tcp)
[   23.748035] EXT4-fs (sda1): re-mounted. Opts: (null)
[[0;32m  OK  [0m] Mounted Kernel Debug File System.
[[0;32m  OK  [0m] Mounted POSIX Message Queue File System.
[[0;32m  OK  [0m] Mounted Huge Pages File System.
[[0;32m  OK  [0m] Started Create list of required sta…vice nodes for the current kernel.
[[0;32m  OK  [0m] Started Remount Root and Kernel File Systems.
         Starting Load/Save Random Seed...
         Starting Create Static Device Nodes in /dev...
[[0;32m  OK  [0m] Started Load/Save Random Seed.
[[0;32m  OK  [0m] Started udev Coldplug all Devices.
[[0;32m  OK  [0m] Started LVM2 metadata daemon.
[[0;32m  OK  [0m] Started Set the console keyboard layout.
[[0;32m  OK  [0m] Started Create Static Device Nodes in /dev.
         Starting udev Kernel Device Manager...
[[0;32m  OK  [0m] Started Monitoring of LVM2 mirrors,…sing dmeventd or progress polling.
[[0;32m  OK  [0m] Reached target Local File Systems (Pre).
[[0;32m  OK  [0m] Reached target Local File Systems.
         Starting AppArmor initialization...
         Starting Tell Plymouth To Write Out Runtime Data...
         Starting Set console font and keymap...
         Starting ebtables ruleset management...
[[0;32m  OK  [0m] Started Journal Service.
         Starting Flush Journal to Persistent Storage...
[[0;32m  OK  [0m] Started udev Kernel Device Manager.
[[0;32m  OK  [0m] Started Dispatch Password Requests to Console Directory Watch.
[[0;32m  OK  [0m] Reached target Local Encrypted Volumes.
[[0;32m  OK  [0m] Started Tell Plymouth To Write Out Runtime Data.
[[0;32m  OK  [0m] Started Set console font and keymap.
[   24.473520] systemd-journald[424]: Received request to flush runtime journal from PID 1
[   24.518375] iscsi: registered transport (iser)
[[0;32m  OK  [0m] Started Load Kernel Modules.
         Mounting Kernel Configuration File System...
         Starting Apply Kernel Variables...
         Mounting FUSE Control File System...
[[0;32m  OK  [0m] Mounted Kernel Configuration File System.
[[0;32m  OK  [0m] Mounted FUSE Control File System.
[[0;32m  OK  [0m] Started Flush Journal to Persistent Storage.
         Starting Create Volatile Files and Directories...
[[0;32m  OK  [0m] Started ebtables ruleset management.
[[0;32m  OK  [0m] Started Apply Kernel Variables.
[[0;32m  OK  [0m] Started Create Volatile Files and Directories.
         Starting Update UTMP about System Boot/Shutdown...
[[0;32m  OK  [0m] Started Update UTMP about System Boot/Shutdown.
[[0;32m  OK  [0m] Found device /dev/ttyS0.
[[0;32m  OK  [0m] Started AppArmor initialization.
         Starting Load AppArmor profiles managed internally by snapd...
         Starting Initial cloud-init job (pre-networking)...
         Mounting Arbitrary Executable File Formats File System...
[[0;32m  OK  [0m] Listening on Load/Save RF Kill Switch Status /dev/rfkill Watch.
[[0;32m  OK  [0m] Mounted Arbitrary Executable File Formats File System.
[[0;32m  OK  [0m] Started Load AppArmor profiles managed internally by snapd.
[   27.767713] cloud-init[564]: Cloud-init v. 23.1.2-0ubuntu0~18.04.1 running 'init-local' at Thu, 23 Apr 2026 18:02:17 +0000. Up 27.49 seconds.
[[0;32m  OK  [0m] Started Initial cloud-init job (pre-networking).
[[0;32m  OK  [0m] Reached target Network (Pre).
         Starting Network Service...
[[0;32m  OK  [0m] Started Network Service.
         Starting Network Name Resolution...
         Starting Wait for Network to be Configured...
[[0;32m  OK  [0m] Started Network Name Resolution.
[[0;32m  OK  [0m] Reached target Host and Network Name Lookups.
[[0;32m  OK  [0m] Reached target Network.
[[0;32m  OK  [0m] Started Wait for Network to be Configured.
         Starting Initial cloud-init job (metadata service crawler)...
[   30.663840] cloud-init[680]: Cloud-init v. 23.1.2-0ubuntu0~18.04.1 running 'init' at Thu, 23 Apr 2026 18:02:20 +0000. Up 30.47 seconds.
[   30.693436] cloud-init[680]: ci-info: +++++++++++++++++++++++++++++++++++++++++++Net device info++++++++++++++++++++++++++++++++++++++++++++
[   30.728112] cloud-init[680]: ci-info: +--------+------+---------------------------------------+---------------+--------+-------------------+
[   30.760442] cloud-init[680]: ci-info: | Device |  Up  |                Address                |      Mask     | Scope  |     Hw-Address    |
[   30.795067] cloud-init[680]: ci-info: +--------+------+---------------------------------------+---------------+--------+-------------------+
[   30.827042] cloud-init[680]: ci-info: | enp0s3 | True |               10.0.2.15               | 255.255.255.0 | global | 02:3b:7b:b7:3b:2d |
[   30.863446] cloud-init[680]: ci-info: | enp0s3 | True | fd17:625c:f037:2:3b:7bff:feb7:3b2d/64 |       .       | global | 02:3b:7b:b7:3b:2d |
[   30.910741] cloud-init[680]: ci-info: | enp0s3 | True |       fe80::3b:7bff:feb7:3b2d/64      |       .       |  link  | 02:3b:7b:b7:3b:2d |
[   30.947108] cloud-init[680]: ci-info: | enp0s8 | True |             192.168.56.10             | 255.255.255.0 | global | 08:00:27:86:0c:9a |
[   30.985324] cloud-init[680]: ci-info: | enp0s8 | True |       fe80::a00:27ff:fe86:c9a/64      |       .       |  link  | 08:00:27:86:0c:9a |
[   31.023916] cloud-init[680]: ci-info: |   lo   | True |               127.0.0.1               |   255.0.0.0   |  host  |         .         |
[[0;32m  OK  [0m] Started Initial cloud-init job (metadata service crawler).
[   31.075621] [[0;32m  OK  [0m] Reached target System Initialization.
[[0;32m  OK  [0m] Started Daily Cleanup of Temporary Directories.
[[0;32m  OK  [0m] Listening on D-Bus System Message Bus Socket.
[[0;32m  OK  [0m] Listening on Open-iSCSI iscsid Socket.
[[0;32m  OK  [0m] Started ACPI Events Check.
[[0;32m  OK  [0m] Reached target Paths.
         Starting Docker Socket for the API.
cloud-init[[680]: [0;32m  OK  [0mci-info: |   lo   | True |                ::1/128                |       .       |  host  |         .         |] Started Message of the Day.

[   31.200292] cloud-init[680]: ci-info: +--------+------+---------------------------------------+---------------+--------+-------------------+
         Starting Socket activation for snappy daemon.
[[0;32m  OK  [0m] Listening on UUID daemon activation socket.
[   31.241487] cloud-init[680]: ci-info: +++++++++++++++++++++++++++++Route IPv4 info+++++++++++++++++++++++++++++
[[   31.309909] cloud-init[680]: ci-info: +-------+--------------+----------+-----------------+-----------+-------+
[   31.311213] cloud-init[680]: ci-info: | Route | Destination  | Gateway  |     Genmask     | Interface | Flags |
[   31.311274] cloud-init[680]: ci-info: +-------+--------------+----------+-----------------+-----------+-------+
[   31.365366] cloud-init[680]: ci-info: |   0   |   0.0.0.0    | 10.0.2.2 |     0.0.0.0     |   enp0s3  |   UG  |
[   31.384031] cloud-init[680]: ci-info: |   1   |   10.0.2.0   | 0.0.0.0  |  255.255.255.0  |   enp0s3  |   U   |
[   31.384106] cloud-init[680]: ci-info: |   2   |   10.0.2.2   | 0.0.0.0  | 255.255.255.255 |   enp0s3  |   UH  |
[   31.384537] cloud-init[680]: ci-info: |   3   | 192.168.56.0 | 0.0.0.0  |  255.255.255.0  |   enp0s8  |   U   |
[   31.461446] cloud-init[680]: ci-info: +-------+--------------+----------+-----------------+-----------+-------+
[   31.481983] cloud-init[680]: ci-info: ++++++++++++++++++++++++Route IPv6 info++++++++++++++++++++++++
[   31.508683] cloud-init[680]: ci-info: +-------+-----------------------+---------+-----------+-------+
[0;32m  OK  [0m] Started Daily apt download activities.
[[   31.527163] cloud-init[680]: ci-info: | Route |      Destination      | Gateway | Interface | Flags |
[   31.560325] cloud-init[680]: ci-info: +-------+-----------------------+---------+-----------+-------+
[   31.560354] cloud-init[680]: ci-info: |   1   | fd17:625c:f037:2::/64 |    ::   |   enp0s3  |   U   |
[   31.607910] cloud-init[680]: ci-info: |   2   |       fe80::/64       |    ::   |   enp0s8  |   U   |
[   31.607986] cloud-init[680]: ci-info: |   3   |       fe80::/64       |    ::   |   enp0s3  |   U   |
[   31.649872] cloud-init[680]: ci-info: |   4   |          ::/0         | fe80::2 |   enp0s3  |   UG  |
[   31.666557] cloud-init[680]: ci-info: |   6   |         local         |    ::   |   enp0s3  |   U   |
[   31.691148] cloud-init[680]: ci-info: |   7   |         local         |    ::   |   enp0s3  |   U   |
[   31.709362] cloud-init[680]: ci-info: |   8   |         local         |    ::   |   enp0s8  |   U   |
[   31.734177] cloud-init[680]: ci-info: |   9   |        ff00::/8       |    ::   |   enp0s8  |   U   |
[   31.734341] cloud-init[680]: ci-info: |   10  |        ff00::/8       |    ::   |   enp0s3  |   U   |
[   31.744191] cloud-init[680]: ci-info: +-------+-----------------------+---------+-----------+-------+
[0;32m  OK  [0m] Started Daily apt upgrade and clean activities.
[[0;32m  OK  [0m] Started Ubuntu Advantage Timer for running repeated jobs.
[[0;32m  OK  [0m] Listening on ACPID Listen Socket.
[[0;32m  OK  [0m] Listening on cloud-init hotplug hook socket.
[[0;32m  OK  [0m] Started Discard unused blocks once a week.
[[0;32m  OK  [0m] Reached target Timers.
         Starting LXD - unix socket.
[[0;32m  OK  [0m] Reached target Network is Online.
[[0;32m  OK  [0m] Reached target Remote File Systems (Pre).
         Mounting /vagrant...
         Starting Availability of block devices...
[[0;32m  OK  [0m] Reached target Cloud-config availability.
[[0;32m  OK  [0m] Listening on Docker Socket for the API.
[[0;32m  OK  [0m] Listening on Socket activation for snappy daemon.
[[0;32m  OK  [0m] Listening on LXD - unix socket.
[[0;32m  OK  [0m] Mounted /vagrant.
[[0;32m  OK  [0m] Started Availability of block devices.
[[0;32m  OK  [0m] Reached target Remote File Systems.
[[0;32m  OK  [0m] Reached target Sockets.
[[0;32m  OK  [0m] Reached target Basic System.
         Starting LSB: Record successful boot for GRUB...
         Starting Permit User Sessions...
         Starting Accounts Service...
         Starting System Logging Service...
[[0;32m  OK  [0m] Started FUSE filesystem for LXC.
[[0;32m  OK  [0m] Started D-Bus System Message Bus.
         Starting containerd container runtime...
         Starting LSB: automatic crash report generation...
         Starting Snap Daemon...
[[0;32m  OK  [0m] Started Deferred execution scheduler.
         Starting Ubuntu FAN network setup...
         Starting Virtualbox guest utils...
         Starting Login Service...
[[0;32m  OK  [0m] Started irqbalance daemon.
         Starting Dispatcher daemon for systemd-networkd...
[[0;32m  OK  [0m] Started Regular background program processing daemon.
         Starting LXD - container startup/shutdown...
[[0;32m  OK  [0m] Reached target Login Prompts (Pre).
         Starting Pollinate to seed the pseudo random number generator...
[[0;32m  OK  [0m] Started System Logging Service.
[[0;32m  OK  [0m] Started Permit User Sessions.
[[0;32m  OK  [0m] Started Login Service.
[[0;32m  OK  [0m] Started Unattended Upgrades Shutdown.
         Starting Authorization Manager...
         Starting Terminate Plymouth Boot Screen...
         Starting Hold until boot process finishes up...
[[0;32m  OK  [0m] Started Terminate Plymouth Boot Screen.
[[0;32m  OK  [0m] Started Hold until boot process finishes up.
[[0;32m  OK  [0m] Started Serial Getty on ttyS0.
         Starting Set console scheme...
[[0;32m  OK  [0m] Started LSB: automatic crash report generation.
[[0;32m  OK  [0m] Started Set console scheme.
[[0;32m  OK  [0m] Created slice system-getty.slice.
[[0;32m  OK  [0m] Started Getty on tty1.
[[0;32m  OK  [0m] Reached target Login Prompts.
[[0;32m  OK  [0m] Started Ubuntu FAN network setup.
[[0;32m  OK  [0m] Started Authorization Manager.
[[0;32m  OK  [0m] Started Accounts Service.
[[0;32m  OK  [0m] Started LXD - container startup/shutdown.
[[0;32m  OK  [0m] Started LSB: Record successful boot for GRUB.
[[0;32m  OK  [0m] Started Virtualbox guest utils.
[[0;32m  OK  [0m] Started Dispatcher daemon for systemd-networkd.
[[0;32m  OK  [0m] Started Snap Daemon.
         Starting Wait until snapd is fully seeded...
         Starting Time & Date Service...
[[0;32m  OK  [0m] Started Time & Date Service.
[[0;32m  OK  [0m] Started Pollinate to seed the pseudo random number generator.
         Starting OpenBSD Secure Shell server...
[[0;32m  OK  [0m] Started Wait until snapd is fully seeded.
         Starting Apply the settings specified in cloud-config...
[[0;32m  OK  [0m] Started containerd container runtime.
         Starting Docker Application Container Engine...
[[0;32m  OK  [0m] Started OpenBSD Secure Shell server.
[[0;32m  OK  [0m] Created slice User Slice of vagrant.
         Starting User Manager for UID 1000...
[[0;32m  OK  [0m] Started Session 1 of user vagrant.
[   36.307548] cloud-init[1381]: Cloud-init v. 23.1.2-0ubuntu0~18.04.1 running 'modules:config' at Thu, 23 Apr 2026 18:02:26 +0000. Up 35.98 seconds.
[[0;32m  OK  [0m] Started Apply the settings specified in cloud-config.
[[0;32m  OK  [0m] Started User Manager for UID 1000.

Ubuntu 18.04.6 LTS ubuntu-bionic ttyS0

ubuntu-bionic login: [   41.268872] cloud-init[1760]: Cloud-init v. 23.1.2-0ubuntu0~18.04.1 running 'modules:final' at Thu, 23 Apr 2026 18:02:30 +0000. Up 40.61 seconds.
[   41.372809] cloud-init[1760]: Cloud-init v. 23.1.2-0ubuntu0~18.04.1 finished at Thu, 23 Apr 2026 18:02:31 +0000. Datasource DataSourceNoCloud [seed=/dev/sdb][dsmode=net].  Up 41.25 seconds
